../Core/Src/main.c:14:6:delay_init	4	static
../Core/Src/main.c:20:6:delay	16	static
../Core/Src/main.c:26:6:Systick_Handler	4	static
../Core/Src/main.c:31:6:Led_init	24	static
../Core/Src/main.c:40:6:Button_init	24	static
../Core/Src/main.c:52:6:Led_control	24	static
../Core/Src/main.c:60:6:Get_button	16	static
../Core/Src/main.c:64:6:EXTI0_init	24	static
../Core/Src/main.c:77:6:EXTI0_IRQHandler	16	static,ignoring_inline_asm
../Core/Src/main.c:83:6:custom_Handler	16	static
../Core/Src/main.c:88:6:USART2_IRQHandler	16	static
../Core/Src/main.c:104:6:UART_init	40	static
../Core/Src/main.c:131:6:DMA_init	32	static
../Core/Src/main.c:151:6:DMA1_Stream5_IRQHandler	4	static,ignoring_inline_asm
../Core/Src/main.c:155:6:timer	4	static
../Core/Src/main.c:160:6:UART_Send_Byte	24	static
../Core/Src/main.c:168:6:UART_Send_Multy_Bytes	24	static
../Core/Src/main.c:174:6:UART_Recv_Byte	24	static
../Core/Src/main.c:182:5:main	8	static
